// Jest Snapshot v1, https://goo.gl/fbAQLP

exports[`[Component]: SideModal render the component 1`] = `
<DocumentFragment>
  <div
    class="sc-bdnxRM bUwgPB"
  >
    <div
      class="sc-hKFxyN cDmoop"
    >
      <div
        class="sc-gtsrHT pFztO"
      >
        <img
          alt="Fechar"
          class="sc-dlnjwi cyBfdP"
          height="44"
          src="test-file-stub"
          width="44"
        />
        Fechar
      </div>
      <h1>
        Hello world
      </h1>
    </div>
  </div>
</DocumentFragment>
`;
