// Jest Snapshot v1, https://goo.gl/fbAQLP

exports[`[Component]: SelectInput render the component 1`] = `
<DocumentFragment>
  <div
    class="sc-ezrdKe"
  >
    <div
      class="sc-kLgntA cOPeoQ"
    >
      <label
        class="sc-hBEYos iAuSGj"
        for="Select example"
      >
        Select example
      </label>
      <select
        class="sc-bYEvPH kzdBAi"
        name="Select example"
      />
    </div>
  </div>
</DocumentFragment>
`;
