// Jest Snapshot v1, https://goo.gl/fbAQLP

exports[`[Component]: EmptyState render the component 1`] = `
<DocumentFragment>
  <div
    class="sc-bdnxRM deDEVT"
  >
    <img
      alt=""
      class="sc-dlnjwi fxotzT"
      src="test-file-stub"
    />
    <h2
      class="sc-gtsrHT kEeQDH"
    />
    <p
      class="sc-hKFxyN FKMGg"
    />
  </div>
</DocumentFragment>
`;
